// Jest Snapshot v1, https://goo.gl/fbAQLP

exports[`Component renders as expected 1`] = `
<div
  className="noteContainer"
>
  <Card
    className="textArea"
    expandable={false}
    expanded={null}
    initiallyExpanded={false}
  >
    <CardTitle
      style={
        Object {
          "textAlign": "center",
        }
      }
      title="Your notes"
    />
    <TextField
      disabled={false}
      floatingLabelFixed={false}
      fullWidth={false}
      id="textarena"
      multiLine={true}
      onChange={[Function]}
      placeholder="Do you have anything on your mind?"
      rows={13}
      rowsMax={13}
      spellCheck={false}
      style={
        Object {
          "width": "30vw",
        }
      }
      type="text"
      underlineShow={true}
      value={null}
    />
    <FlatButton
      disabled={false}
      fullWidth={false}
      labelPosition="after"
      labelStyle={Object {}}
      onClick={[Function]}
      onKeyboardFocus={[Function]}
      onMouseEnter={[Function]}
      onMouseLeave={[Function]}
      onTouchStart={[Function]}
      primary={false}
      secondary={false}
    >
      Delete
    </FlatButton>
  </Card>
</div>
`;
